<?xml version="1.0" encoding="UTF-8"?>
<TestRun id="dd8ff604-b44f-417d-a8eb-1b4b6083598d" name="admin@CHN37 2011-10-03 20:36:39" runUser="CHN37\admin" xmlns="http://microsoft.com/schemas/VisualStudio/TeamTest/2006">
  <TestRunConfiguration name="Local Test Run" id="d53221a7-5a28-4b13-814e-ef354653190e">
    <Description>This is a default test run configuration for a local test run.</Description>
    <Deployment runDeploymentRoot="E:\Actions\VSS_SRC\App Source\Dot Net Products\Kaizos\TestResults\admin_CHN37 2011-10-03 20_36_39">
      <DeploymentItem filename="E:\Actions\VSS_SRC\App Source\Dot Net Products\Kaizos\KaizosServiceInvokers\bin\Debug\KaizosServiceInvokers.dll" />
    </Deployment>
    <TestTypeSpecific />
  </TestRunConfiguration>
  <ResultSummary outcome="Failed">
    <Counters total="10" executed="10" error="0" failed="10" timeout="0" aborted="0" inconclusive="0" passedButRunAborted="0" notRunnable="0" notExecuted="0" disconnected="0" warning="0" passed="0" completed="0" inProgress="0" pending="0" />
  </ResultSummary>
  <Times creation="2011-10-03T20:36:39.7478456+05:30" queuing="2011-10-03T20:36:41.9666098+05:30" start="2011-10-03T20:36:42.2947369+05:30" finish="2011-10-03T20:36:43.8572469+05:30" />
  <TestDefinitions>
    <UnitTest name="DeleteProfileTest" storage="e:\actions\vss_src\app source\dot net products\kaizos\kaizosunittest\bin\debug\kaizosunittest.dll" id="83a093dd-6e6f-fab3-eaf0-afafa4fdcfa4">
      <Css projectStructure="" iteration="" />
      <Owners>
        <Owner name="" />
      </Owners>
      <Execution id="8135b1ce-20b1-44ce-8514-bf694ce3f75f" />
      <TestMethod codeBase="E:\Actions\VSS_SRC\App Source\Dot Net Products\Kaizos\KaizosUnitTest\bin\Debug\KaizosUnitTest.dll" adapterTypeName="Microsoft.VisualStudio.TestTools.TestTypes.Unit.UnitTestAdapter, Microsoft.VisualStudio.QualityTools.Tips.UnitTest.Adapter, Version=9.0.0.0, Culture=neutral, PublicKeyToken=b03f5f7f11d50a3a" className="KaizosUnitTest.KaizosServiceAgentTest, KaizosUnitTest" name="DeleteProfileTest" />
    </UnitTest>
    <UnitTest name="UpdateProfileTest" storage="e:\actions\vss_src\app source\dot net products\kaizos\kaizosunittest\bin\debug\kaizosunittest.dll" id="16df078a-2222-b332-93ba-5290c3d572d3">
      <Css projectStructure="" iteration="" />
      <Owners>
        <Owner name="" />
      </Owners>
      <Execution id="6d113aa8-9901-4176-8072-318aedb8a0cd" />
      <TestMethod codeBase="E:\Actions\VSS_SRC\App Source\Dot Net Products\Kaizos\KaizosUnitTest\bin\Debug\KaizosUnitTest.dll" adapterTypeName="Microsoft.VisualStudio.TestTools.TestTypes.Unit.UnitTestAdapter, Microsoft.VisualStudio.QualityTools.Tips.UnitTest.Adapter, Version=9.0.0.0, Culture=neutral, PublicKeyToken=b03f5f7f11d50a3a" className="KaizosUnitTest.KaizosServiceAgentTest, KaizosUnitTest" name="UpdateProfileTest" />
    </UnitTest>
    <UnitTest name="GetAllProfileFunctionsTest" storage="e:\actions\vss_src\app source\dot net products\kaizos\kaizosunittest\bin\debug\kaizosunittest.dll" id="43f622b2-4987-4f30-7dae-894b1d31ceda">
      <Css projectStructure="" iteration="" />
      <Owners>
        <Owner name="" />
      </Owners>
      <Execution id="bdb9e253-eea3-418e-996b-96e2164dc102" />
      <TestMethod codeBase="E:\Actions\VSS_SRC\App Source\Dot Net Products\Kaizos\KaizosUnitTest\bin\Debug\KaizosUnitTest.dll" adapterTypeName="Microsoft.VisualStudio.TestTools.TestTypes.Unit.UnitTestAdapter, Microsoft.VisualStudio.QualityTools.Tips.UnitTest.Adapter, Version=9.0.0.0, Culture=neutral, PublicKeyToken=b03f5f7f11d50a3a" className="KaizosUnitTest.KaizosServiceAgentTest, KaizosUnitTest" name="GetAllProfileFunctionsTest" />
    </UnitTest>
    <UnitTest name="UpdateFunctionalityTest" storage="e:\actions\vss_src\app source\dot net products\kaizos\kaizosunittest\bin\debug\kaizosunittest.dll" id="62d9547e-4991-c36c-7ceb-cfb528413e30">
      <Css projectStructure="" iteration="" />
      <Owners>
        <Owner name="" />
      </Owners>
      <Execution id="6c253661-f7b2-47d8-b3f7-e738fdada377" />
      <TestMethod codeBase="E:\Actions\VSS_SRC\App Source\Dot Net Products\Kaizos\KaizosUnitTest\bin\Debug\KaizosUnitTest.dll" adapterTypeName="Microsoft.VisualStudio.TestTools.TestTypes.Unit.UnitTestAdapter, Microsoft.VisualStudio.QualityTools.Tips.UnitTest.Adapter, Version=9.0.0.0, Culture=neutral, PublicKeyToken=b03f5f7f11d50a3a" className="KaizosUnitTest.KaizosServiceAgentTest, KaizosUnitTest" name="UpdateFunctionalityTest" />
    </UnitTest>
    <UnitTest name="InserProfileTest" storage="e:\actions\vss_src\app source\dot net products\kaizos\kaizosunittest\bin\debug\kaizosunittest.dll" id="338bf082-dab1-a038-b2a3-95fd173b54ba">
      <Css projectStructure="" iteration="" />
      <Owners>
        <Owner name="" />
      </Owners>
      <Execution id="8f156950-cd3c-4242-858c-7b1fe75a337c" />
      <TestMethod codeBase="E:\Actions\VSS_SRC\App Source\Dot Net Products\Kaizos\KaizosUnitTest\bin\Debug\KaizosUnitTest.dll" adapterTypeName="Microsoft.VisualStudio.TestTools.TestTypes.Unit.UnitTestAdapter, Microsoft.VisualStudio.QualityTools.Tips.UnitTest.Adapter, Version=9.0.0.0, Culture=neutral, PublicKeyToken=b03f5f7f11d50a3a" className="KaizosUnitTest.KaizosServiceAgentTest, KaizosUnitTest" name="InserProfileTest" />
    </UnitTest>
    <UnitTest name="GetToSTest" storage="e:\actions\vss_src\app source\dot net products\kaizos\kaizosunittest\bin\debug\kaizosunittest.dll" id="634a875f-e2a5-3357-6cf2-ba5d27bbfab4">
      <Css projectStructure="" iteration="" />
      <Owners>
        <Owner name="" />
      </Owners>
      <Execution id="b6790ca2-2fa8-43f9-9306-ed3cf6ce22d2" />
      <TestMethod codeBase="E:\Actions\VSS_SRC\App Source\Dot Net Products\Kaizos\KaizosUnitTest\bin\Debug\KaizosUnitTest.dll" adapterTypeName="Microsoft.VisualStudio.TestTools.TestTypes.Unit.UnitTestAdapter, Microsoft.VisualStudio.QualityTools.Tips.UnitTest.Adapter, Version=9.0.0.0, Culture=neutral, PublicKeyToken=b03f5f7f11d50a3a" className="KaizosUnitTest.KaizosServiceAgentTest, KaizosUnitTest" name="GetToSTest" />
    </UnitTest>
    <UnitTest name="UpdateProfileFunctionsTest" storage="e:\actions\vss_src\app source\dot net products\kaizos\kaizosunittest\bin\debug\kaizosunittest.dll" id="7fba4c11-cf5f-a038-8f66-a7ca8b4b376d">
      <Css projectStructure="" iteration="" />
      <Owners>
        <Owner name="" />
      </Owners>
      <Execution id="f189d899-13e6-46fc-b834-d6266f41bc68" />
      <TestMethod codeBase="E:\Actions\VSS_SRC\App Source\Dot Net Products\Kaizos\KaizosUnitTest\bin\Debug\KaizosUnitTest.dll" adapterTypeName="Microsoft.VisualStudio.TestTools.TestTypes.Unit.UnitTestAdapter, Microsoft.VisualStudio.QualityTools.Tips.UnitTest.Adapter, Version=9.0.0.0, Culture=neutral, PublicKeyToken=b03f5f7f11d50a3a" className="KaizosUnitTest.KaizosServiceAgentTest, KaizosUnitTest" name="UpdateProfileFunctionsTest" />
    </UnitTest>
    <UnitTest name="DeleteFunctionalityTest" storage="e:\actions\vss_src\app source\dot net products\kaizos\kaizosunittest\bin\debug\kaizosunittest.dll" id="141c03a0-0fb9-62f8-5b8b-6db39e67b30a">
      <Css projectStructure="" iteration="" />
      <Owners>
        <Owner name="" />
      </Owners>
      <Execution id="4f196df9-bb08-4f97-9771-0bbef05b828f" />
      <TestMethod codeBase="E:\Actions\VSS_SRC\App Source\Dot Net Products\Kaizos\KaizosUnitTest\bin\Debug\KaizosUnitTest.dll" adapterTypeName="Microsoft.VisualStudio.TestTools.TestTypes.Unit.UnitTestAdapter, Microsoft.VisualStudio.QualityTools.Tips.UnitTest.Adapter, Version=9.0.0.0, Culture=neutral, PublicKeyToken=b03f5f7f11d50a3a" className="KaizosUnitTest.KaizosServiceAgentTest, KaizosUnitTest" name="DeleteFunctionalityTest" />
    </UnitTest>
    <UnitTest name="InsertToSTest" storage="e:\actions\vss_src\app source\dot net products\kaizos\kaizosunittest\bin\debug\kaizosunittest.dll" id="2eac8da1-c0e3-a52e-48cf-8283b37ba0c5">
      <Css projectStructure="" iteration="" />
      <Owners>
        <Owner name="" />
      </Owners>
      <Execution id="c1b68ea2-1b18-4e12-a58f-3bbeb309df88" />
      <TestMethod codeBase="E:\Actions\VSS_SRC\App Source\Dot Net Products\Kaizos\KaizosUnitTest\bin\Debug\KaizosUnitTest.dll" adapterTypeName="Microsoft.VisualStudio.TestTools.TestTypes.Unit.UnitTestAdapter, Microsoft.VisualStudio.QualityTools.Tips.UnitTest.Adapter, Version=9.0.0.0, Culture=neutral, PublicKeyToken=b03f5f7f11d50a3a" className="KaizosUnitTest.KaizosServiceAgentTest, KaizosUnitTest" name="InsertToSTest" />
    </UnitTest>
    <UnitTest name="InsertFunctionaltyTest" storage="e:\actions\vss_src\app source\dot net products\kaizos\kaizosunittest\bin\debug\kaizosunittest.dll" id="d75c7396-5ada-f5d0-0ea1-865b0dbfe1e0">
      <Css projectStructure="" iteration="" />
      <Owners>
        <Owner name="" />
      </Owners>
      <Execution id="20b66d15-62aa-458e-aaa1-b525dae96724" />
      <TestMethod codeBase="E:\Actions\VSS_SRC\App Source\Dot Net Products\Kaizos\KaizosUnitTest\bin\Debug\KaizosUnitTest.dll" adapterTypeName="Microsoft.VisualStudio.TestTools.TestTypes.Unit.UnitTestAdapter, Microsoft.VisualStudio.QualityTools.Tips.UnitTest.Adapter, Version=9.0.0.0, Culture=neutral, PublicKeyToken=b03f5f7f11d50a3a" className="KaizosUnitTest.KaizosServiceAgentTest, KaizosUnitTest" name="InsertFunctionaltyTest" />
    </UnitTest>
  </TestDefinitions>
  <TestLists>
    <TestList name="Results Not in a List" id="8c84fa94-04c1-424b-9868-57a2d4851a1d" />
    <TestList name="All Loaded Results" id="19431567-8539-422a-85d7-44ee4e166bda" />
  </TestLists>
  <TestEntries>
    <TestEntry testId="7fba4c11-cf5f-a038-8f66-a7ca8b4b376d" executionId="f189d899-13e6-46fc-b834-d6266f41bc68" testListId="8c84fa94-04c1-424b-9868-57a2d4851a1d" />
    <TestEntry testId="16df078a-2222-b332-93ba-5290c3d572d3" executionId="6d113aa8-9901-4176-8072-318aedb8a0cd" testListId="8c84fa94-04c1-424b-9868-57a2d4851a1d" />
    <TestEntry testId="62d9547e-4991-c36c-7ceb-cfb528413e30" executionId="6c253661-f7b2-47d8-b3f7-e738fdada377" testListId="8c84fa94-04c1-424b-9868-57a2d4851a1d" />
    <TestEntry testId="2eac8da1-c0e3-a52e-48cf-8283b37ba0c5" executionId="c1b68ea2-1b18-4e12-a58f-3bbeb309df88" testListId="8c84fa94-04c1-424b-9868-57a2d4851a1d" />
    <TestEntry testId="d75c7396-5ada-f5d0-0ea1-865b0dbfe1e0" executionId="20b66d15-62aa-458e-aaa1-b525dae96724" testListId="8c84fa94-04c1-424b-9868-57a2d4851a1d" />
    <TestEntry testId="338bf082-dab1-a038-b2a3-95fd173b54ba" executionId="8f156950-cd3c-4242-858c-7b1fe75a337c" testListId="8c84fa94-04c1-424b-9868-57a2d4851a1d" />
    <TestEntry testId="634a875f-e2a5-3357-6cf2-ba5d27bbfab4" executionId="b6790ca2-2fa8-43f9-9306-ed3cf6ce22d2" testListId="8c84fa94-04c1-424b-9868-57a2d4851a1d" />
    <TestEntry testId="43f622b2-4987-4f30-7dae-894b1d31ceda" executionId="bdb9e253-eea3-418e-996b-96e2164dc102" testListId="8c84fa94-04c1-424b-9868-57a2d4851a1d" />
    <TestEntry testId="83a093dd-6e6f-fab3-eaf0-afafa4fdcfa4" executionId="8135b1ce-20b1-44ce-8514-bf694ce3f75f" testListId="8c84fa94-04c1-424b-9868-57a2d4851a1d" />
    <TestEntry testId="141c03a0-0fb9-62f8-5b8b-6db39e67b30a" executionId="4f196df9-bb08-4f97-9771-0bbef05b828f" testListId="8c84fa94-04c1-424b-9868-57a2d4851a1d" />
  </TestEntries>
  <Results>
    <UnitTestResult executionId="f189d899-13e6-46fc-b834-d6266f41bc68" testId="7fba4c11-cf5f-a038-8f66-a7ca8b4b376d" testName="UpdateProfileFunctionsTest" computerName="CHN37" duration="00:00:00.1514052" startTime="2011-10-03T20:36:42.4353628+05:30" endTime="2011-10-03T20:36:43.4197441+05:30" testType="13cdc9d9-ddb5-4fa4-a97d-d965ccfc6d4b" outcome="Failed" testListId="8c84fa94-04c1-424b-9868-57a2d4851a1d">
      <Output>
        <ErrorInfo>
          <Message>Test method KaizosUnitTest.KaizosServiceAgentTest.UpdateProfileFunctionsTest threw exception:  System.NullReferenceException: Object reference not set to an instance of an object..</Message>
          <StackTrace>    at KaizosServiceInvokers.KaizosServiceAgent.UpdateProfileFunctions(ProfileFunctions[] profileFunctions) in E:\Actions\VSS_SRC\App Source\Dot Net Products\Kaizos\KaizosServiceInvokers\KaizosServiceAgent.cs:line 262
   at KaizosUnitTest.KaizosServiceAgentTest.UpdateProfileFunctionsTest() in E:\Actions\VSS_SRC\App Source\Dot Net Products\Kaizos\KaizosUnitTest\KaizosServiceAgentTest.cs:line 77
</StackTrace>
        </ErrorInfo>
      </Output>
    </UnitTestResult>
    <UnitTestResult executionId="6d113aa8-9901-4176-8072-318aedb8a0cd" testId="16df078a-2222-b332-93ba-5290c3d572d3" testName="UpdateProfileTest" computerName="CHN37" duration="00:00:00.0231484" startTime="2011-10-03T20:36:43.4353692+05:30" endTime="2011-10-03T20:36:43.4509943+05:30" testType="13cdc9d9-ddb5-4fa4-a97d-d965ccfc6d4b" outcome="Failed" testListId="8c84fa94-04c1-424b-9868-57a2d4851a1d">
      <Output>
        <ErrorInfo>
          <Message>Test method KaizosUnitTest.KaizosServiceAgentTest.UpdateProfileTest threw exception:  System.NullReferenceException: Object reference not set to an instance of an object..</Message>
          <StackTrace>    at KaizosServiceInvokers.KaizosServiceAgent.UpdateProfile(Profile profile) in E:\Actions\VSS_SRC\App Source\Dot Net Products\Kaizos\KaizosServiceInvokers\KaizosServiceAgent.cs:line 113
   at KaizosUnitTest.KaizosServiceAgentTest.UpdateProfileTest() in E:\Actions\VSS_SRC\App Source\Dot Net Products\Kaizos\KaizosUnitTest\KaizosServiceAgentTest.cs:line 92
</StackTrace>
        </ErrorInfo>
      </Output>
    </UnitTestResult>
    <UnitTestResult executionId="6c253661-f7b2-47d8-b3f7-e738fdada377" testId="62d9547e-4991-c36c-7ceb-cfb528413e30" testName="UpdateFunctionalityTest" computerName="CHN37" duration="00:00:00.0237144" startTime="2011-10-03T20:36:43.4666194+05:30" endTime="2011-10-03T20:36:43.4978696+05:30" testType="13cdc9d9-ddb5-4fa4-a97d-d965ccfc6d4b" outcome="Failed" testListId="8c84fa94-04c1-424b-9868-57a2d4851a1d">
      <Output>
        <ErrorInfo>
          <Message>Test method KaizosUnitTest.KaizosServiceAgentTest.UpdateFunctionalityTest threw exception:  System.NullReferenceException: Object reference not set to an instance of an object..</Message>
          <StackTrace>    at KaizosServiceInvokers.KaizosServiceAgent.UpdateFunctionality(Functionality functionality) in E:\Actions\VSS_SRC\App Source\Dot Net Products\Kaizos\KaizosServiceInvokers\KaizosServiceAgent.cs:line 202
   at KaizosUnitTest.KaizosServiceAgentTest.UpdateFunctionalityTest() in E:\Actions\VSS_SRC\App Source\Dot Net Products\Kaizos\KaizosUnitTest\KaizosServiceAgentTest.cs:line 107
</StackTrace>
        </ErrorInfo>
      </Output>
    </UnitTestResult>
    <UnitTestResult executionId="c1b68ea2-1b18-4e12-a58f-3bbeb309df88" testId="2eac8da1-c0e3-a52e-48cf-8283b37ba0c5" testName="InsertToSTest" computerName="CHN37" duration="00:00:00.0232088" startTime="2011-10-03T20:36:43.5134947+05:30" endTime="2011-10-03T20:36:43.5291198+05:30" testType="13cdc9d9-ddb5-4fa4-a97d-d965ccfc6d4b" outcome="Failed" testListId="8c84fa94-04c1-424b-9868-57a2d4851a1d">
      <Output>
        <ErrorInfo>
          <Message>Test method KaizosUnitTest.KaizosServiceAgentTest.InsertToSTest threw exception:  System.NullReferenceException: Object reference not set to an instance of an object..</Message>
          <StackTrace>    at KaizosServiceInvokers.KaizosServiceAgent.InsertToS(ToS tos) in E:\Actions\VSS_SRC\App Source\Dot Net Products\Kaizos\KaizosServiceInvokers\KaizosServiceAgent.cs:line 32
   at KaizosUnitTest.KaizosServiceAgentTest.InsertToSTest() in E:\Actions\VSS_SRC\App Source\Dot Net Products\Kaizos\KaizosUnitTest\KaizosServiceAgentTest.cs:line 122
</StackTrace>
        </ErrorInfo>
      </Output>
    </UnitTestResult>
    <UnitTestResult executionId="20b66d15-62aa-458e-aaa1-b525dae96724" testId="d75c7396-5ada-f5d0-0ea1-865b0dbfe1e0" testName="InsertFunctionaltyTest" computerName="CHN37" duration="00:00:00.0212554" startTime="2011-10-03T20:36:43.5447449+05:30" endTime="2011-10-03T20:36:43.5759951+05:30" testType="13cdc9d9-ddb5-4fa4-a97d-d965ccfc6d4b" outcome="Failed" testListId="8c84fa94-04c1-424b-9868-57a2d4851a1d">
      <Output>
        <ErrorInfo>
          <Message>Test method KaizosUnitTest.KaizosServiceAgentTest.InsertFunctionaltyTest threw exception:  System.NullReferenceException: Object reference not set to an instance of an object..</Message>
          <StackTrace>    at KaizosServiceInvokers.KaizosServiceAgent.InsertFunctionalty(Functionality functionality) in E:\Actions\VSS_SRC\App Source\Dot Net Products\Kaizos\KaizosServiceInvokers\KaizosServiceAgent.cs:line 173
   at KaizosUnitTest.KaizosServiceAgentTest.InsertFunctionaltyTest() in E:\Actions\VSS_SRC\App Source\Dot Net Products\Kaizos\KaizosUnitTest\KaizosServiceAgentTest.cs:line 137
</StackTrace>
        </ErrorInfo>
      </Output>
    </UnitTestResult>
    <UnitTestResult executionId="8f156950-cd3c-4242-858c-7b1fe75a337c" testId="338bf082-dab1-a038-b2a3-95fd173b54ba" testName="InserProfileTest" computerName="CHN37" duration="00:00:00.0289497" startTime="2011-10-03T20:36:43.5759951+05:30" endTime="2011-10-03T20:36:43.6072453+05:30" testType="13cdc9d9-ddb5-4fa4-a97d-d965ccfc6d4b" outcome="Failed" testListId="8c84fa94-04c1-424b-9868-57a2d4851a1d">
      <Output>
        <ErrorInfo>
          <Message>Test method KaizosUnitTest.KaizosServiceAgentTest.InserProfileTest threw exception:  System.NullReferenceException: Object reference not set to an instance of an object..</Message>
          <StackTrace>    at KaizosServiceInvokers.KaizosServiceAgent.InserProfile(Profile profile) in E:\Actions\VSS_SRC\App Source\Dot Net Products\Kaizos\KaizosServiceInvokers\KaizosServiceAgent.cs:line 85
   at KaizosUnitTest.KaizosServiceAgentTest.InserProfileTest() in E:\Actions\VSS_SRC\App Source\Dot Net Products\Kaizos\KaizosUnitTest\KaizosServiceAgentTest.cs:line 152
</StackTrace>
        </ErrorInfo>
      </Output>
    </UnitTestResult>
    <UnitTestResult executionId="b6790ca2-2fa8-43f9-9306-ed3cf6ce22d2" testId="634a875f-e2a5-3357-6cf2-ba5d27bbfab4" testName="GetToSTest" computerName="CHN37" duration="00:00:00.0209574" startTime="2011-10-03T20:36:43.6228704+05:30" endTime="2011-10-03T20:36:43.6384955+05:30" testType="13cdc9d9-ddb5-4fa4-a97d-d965ccfc6d4b" outcome="Failed" testListId="8c84fa94-04c1-424b-9868-57a2d4851a1d">
      <Output>
        <ErrorInfo>
          <Message>Test method KaizosUnitTest.KaizosServiceAgentTest.GetToSTest threw exception:  System.NullReferenceException: Object reference not set to an instance of an object..</Message>
          <StackTrace>    at KaizosServiceInvokers.KaizosServiceAgent.GetToS() in E:\Actions\VSS_SRC\App Source\Dot Net Products\Kaizos\KaizosServiceInvokers\KaizosServiceAgent.cs:line 55
   at KaizosUnitTest.KaizosServiceAgentTest.GetToSTest() in E:\Actions\VSS_SRC\App Source\Dot Net Products\Kaizos\KaizosUnitTest\KaizosServiceAgentTest.cs:line 166
</StackTrace>
        </ErrorInfo>
      </Output>
    </UnitTestResult>
    <UnitTestResult executionId="bdb9e253-eea3-418e-996b-96e2164dc102" testId="43f622b2-4987-4f30-7dae-894b1d31ceda" testName="GetAllProfileFunctionsTest" computerName="CHN37" duration="00:00:00.0214088" startTime="2011-10-03T20:36:43.6541206+05:30" endTime="2011-10-03T20:36:43.6853708+05:30" testType="13cdc9d9-ddb5-4fa4-a97d-d965ccfc6d4b" outcome="Failed" testListId="8c84fa94-04c1-424b-9868-57a2d4851a1d">
      <Output>
        <ErrorInfo>
          <Message>Test method KaizosUnitTest.KaizosServiceAgentTest.GetAllProfileFunctionsTest threw exception:  System.NullReferenceException: Object reference not set to an instance of an object..</Message>
          <StackTrace>    at KaizosServiceInvokers.KaizosServiceAgent.GetAllProfileFunctions() in E:\Actions\VSS_SRC\App Source\Dot Net Products\Kaizos\KaizosServiceInvokers\KaizosServiceAgent.cs:line 291
   at KaizosUnitTest.KaizosServiceAgentTest.GetAllProfileFunctionsTest() in E:\Actions\VSS_SRC\App Source\Dot Net Products\Kaizos\KaizosUnitTest\KaizosServiceAgentTest.cs:line 180
</StackTrace>
        </ErrorInfo>
      </Output>
    </UnitTestResult>
    <UnitTestResult executionId="8135b1ce-20b1-44ce-8514-bf694ce3f75f" testId="83a093dd-6e6f-fab3-eaf0-afafa4fdcfa4" testName="DeleteProfileTest" computerName="CHN37" duration="00:00:00.0216485" startTime="2011-10-03T20:36:43.7009959+05:30" endTime="2011-10-03T20:36:43.7166210+05:30" testType="13cdc9d9-ddb5-4fa4-a97d-d965ccfc6d4b" outcome="Failed" testListId="8c84fa94-04c1-424b-9868-57a2d4851a1d">
      <Output>
        <ErrorInfo>
          <Message>Test method KaizosUnitTest.KaizosServiceAgentTest.DeleteProfileTest threw exception:  System.NullReferenceException: Object reference not set to an instance of an object..</Message>
          <StackTrace>    at KaizosServiceInvokers.KaizosServiceAgent.DeleteProfile(Int32 profileCode) in E:\Actions\VSS_SRC\App Source\Dot Net Products\Kaizos\KaizosServiceInvokers\KaizosServiceAgent.cs:line 141
   at KaizosUnitTest.KaizosServiceAgentTest.DeleteProfileTest() in E:\Actions\VSS_SRC\App Source\Dot Net Products\Kaizos\KaizosUnitTest\KaizosServiceAgentTest.cs:line 195
</StackTrace>
        </ErrorInfo>
      </Output>
    </UnitTestResult>
    <UnitTestResult executionId="4f196df9-bb08-4f97-9771-0bbef05b828f" testId="141c03a0-0fb9-62f8-5b8b-6db39e67b30a" testName="DeleteFunctionalityTest" computerName="CHN37" duration="00:00:00.0211155" startTime="2011-10-03T20:36:43.7322461+05:30" endTime="2011-10-03T20:36:43.7634963+05:30" testType="13cdc9d9-ddb5-4fa4-a97d-d965ccfc6d4b" outcome="Failed" testListId="8c84fa94-04c1-424b-9868-57a2d4851a1d">
      <Output>
        <ErrorInfo>
          <Message>Test method KaizosUnitTest.KaizosServiceAgentTest.DeleteFunctionalityTest threw exception:  System.NullReferenceException: Object reference not set to an instance of an object..</Message>
          <StackTrace>    at KaizosServiceInvokers.KaizosServiceAgent.DeleteFunctionality(Int32 functionalCode) in E:\Actions\VSS_SRC\App Source\Dot Net Products\Kaizos\KaizosServiceInvokers\KaizosServiceAgent.cs:line 230
   at KaizosUnitTest.KaizosServiceAgentTest.DeleteFunctionalityTest() in E:\Actions\VSS_SRC\App Source\Dot Net Products\Kaizos\KaizosUnitTest\KaizosServiceAgentTest.cs:line 210
</StackTrace>
        </ErrorInfo>
      </Output>
    </UnitTestResult>
  </Results>
</TestRun>